../Core/Src/main2.c:131:5:main	72	static,ignoring_inline_asm
../Core/Src/main2.c:235:6:vTask1_sensor1	24	static
../Core/Src/main2.c:296:6:vTask2_sensor2	24	static
../Core/Src/main2.c:357:6:vTask3_CAN_send	16	static
../Core/Src/main2.c:410:6:vTask4_displacement	16	static
../Core/Src/main2.c:479:6:SystemClock_Config	88	static
../Core/Src/main2.c:526:13:MX_CAN1_Init	8	static
../Core/Src/main2.c:563:13:MX_CAN2_Init	8	static
../Core/Src/main2.c:600:13:MX_SPI1_Init	8	static
../Core/Src/main2.c:638:13:MX_TIM1_Init	32	static
../Core/Src/main2.c:684:13:MX_TIM2_Init	32	static
../Core/Src/main2.c:729:13:MX_TIM4_Init	32	static
../Core/Src/main2.c:775:13:MX_TIM6_Init	16	static
../Core/Src/main2.c:813:13:MX_TIM7_Init	16	static
../Core/Src/main2.c:851:13:MX_GPIO_Init	56	static
../Core/Src/main2.c:923:6:CAN_filterConfig	48	static
../Core/Src/main2.c:942:6:HAL_CAN_RxFifo0MsgPendingCallback	16	static
../Core/Src/main2.c:964:6:LED_Display	16	static
../Core/Src/main2.c:1003:6:StartDefaultTask	16	static
../Core/Src/main2.c:1013:6:Error_Handler	4	static,ignoring_inline_asm
